---
source: crates/nota-tui/tests/home_screen.rs
expression: terminal.backend()
---
"╭─ ≈ nota ───────────────────────────────────────── ✓ ready ─╮"
"│                                                            │"
"│                                                            │"
"│            ⠀⣀⣀⣀⣀⣀⣀⠀⠀⠀⠀⠀⠀⠀⠀⠀⠀⠀⠀⠀⠀⠀⠀⠀                        │"
"│            ⠛⠉⠉⠉⠉⠉⠉⠛⠳⠶⣤⣀⡀⠀⠀⠀⠀⠀⢀⣀⣤⡴⠶⠛                        │"
"│            ⣤⠶⠶⠶⠶⠶⠶⣤⣄⣀⠀⠉⠙⠛⠛⠛⠛⠛⠋⠉⠀⢀⣀⣤                        │"
"│            ⠀⣀⣀⣀⣀⣀⣀⠀⠈⠉⠛⠶⢦⣤⣤⣤⣤⣤⡴⠶⠛⠋⠉⠀     n o t a            │"
"│            ⠛⠉⠉⠉⠉⠉⠉⠛⠳⠶⣤⣀⡀⠀⠀⠀⠀⠀⢀⣀⣤⡴⠶⠛                        │"
"│            ⠀⠀⠀⠀⠀⠀⠀⠀⠀⠀⠀⠉⠙⠛⠛⠛⠛⠛⠋⠉⠀⠀⠀⠀                        │"
"│                                                            │"
"│                                                            │"
"│ recent                                                     │"
"│   nothing recorded yet · r to record                       │"
"│                                                            │"
"│                                                            │"
"│                                                            │"
"│                                                            │"
"│                                                            │"
"│                                                            │"
"╰─ r record  R last settings ───────────────────── parakeet ─╯"
